// Jest Snapshot v1, https://goo.gl/fbAQLP

exports[`Simple Incrementer makes an incrementer button 1`] = `
<Fragment>
  <div>
    Current Count: 
    0
  </div>
  <button
    onClick={[Function]}
  >
    Increment
  </button>
</Fragment>
`;
